// Jest Snapshot v1, https://goo.gl/fbAQLP

exports[`PressableLabel should render correctly 1`] = `
<View
  accessible={true}
  collapsable={false}
  focusable={true}
  onBlur={[Function]}
  onClick={[Function]}
  onFocus={[Function]}
  onResponderGrant={[Function]}
  onResponderMove={[Function]}
  onResponderRelease={[Function]}
  onResponderTerminate={[Function]}
  onResponderTerminationRequest={[Function]}
  onStartShouldSetResponder={[Function]}
>
  <Text
    style={
      Object {
        "color": "black",
        "fontSize": 16,
        "fontWeight": "600",
      }
    }
    testID="label"
  >
    Primary PressableLabel
  </Text>
</View>
`;
