// Jest Snapshot v1, https://goo.gl/fbAQLP

exports[`Button should render correctly 1`] = `
<View
  accessible={true}
  collapsable={false}
  focusable={true}
  onBlur={[Function]}
  onClick={[Function]}
  onFocus={[Function]}
  onResponderGrant={[Function]}
  onResponderMove={[Function]}
  onResponderRelease={[Function]}
  onResponderTerminate={[Function]}
  onResponderTerminationRequest={[Function]}
  onStartShouldSetResponder={[Function]}
  style={
    Object {
      "alignItems": "center",
      "backgroundColor": "#08949B",
      "borderRadius": 20,
      "borderStyle": "solid",
      "borderWidth": 0,
      "justifyContent": "center",
      "minHeight": 60,
      "minWidth": 200,
    }
  }
  testID="button"
>
  <Text
    style={
      Object {
        "color": "white",
        "fontSize": 16,
        "fontWeight": "600",
      }
    }
    testID="button-text"
  >
    Button Text
  </Text>
</View>
`;
