// Jest Snapshot v1, https://goo.gl/fbAQLP

exports[`Label should render correctly 1`] = `
<Text
  style={
    Object {
      "color": "black",
      "fontSize": 16,
      "fontWeight": "600",
    }
  }
  testID="label"
>
  Primary Label
</Text>
`;
