// Jest Snapshot v1, https://goo.gl/fbAQLP

exports[`LoginForm should render correctly 1`] = `
<View
  style={
    Object {
      "flex": 4,
      "flexDirection": "column",
      "justifyContent": "space-between",
      "padding": 30,
    }
  }
>
  <View
    style={
      Object {
        "flexDirection": "column",
        "height": 78,
        "justifyContent": "space-between",
      }
    }
  >
    <Text
      style={
        Object {
          "color": "black",
          "fontSize": 16,
          "fontWeight": "600",
        }
      }
      testID="label"
    >
      Email
    </Text>
    <TextInput
      keyboardType="email-address"
      placeholder="Email"
      style={
        Object {
          "alignItems": "center",
          "borderColor": "#08949B",
          "borderRadius": 20,
          "borderStyle": "solid",
          "borderWidth": 1,
          "fontSize": 16,
          "fontWeight": "600",
          "justifyContent": "center",
          "minHeight": 50,
          "minWidth": 200,
          "paddingLeft": 17,
          "paddingRight": 17,
        }
      }
      testID="email-input"
    />
  </View>
  <View
    style={
      Object {
        "flexDirection": "column",
        "height": 78,
        "justifyContent": "space-between",
      }
    }
  >
    <Text
      style={
        Object {
          "color": "black",
          "fontSize": 16,
          "fontWeight": "600",
        }
      }
      testID="label"
    >
      Password
    </Text>
    <TextInput
      placeholder="Password"
      secureTextEntry={true}
      style={
        Object {
          "alignItems": "center",
          "borderColor": "#08949B",
          "borderRadius": 20,
          "borderStyle": "solid",
          "borderWidth": 1,
          "fontSize": 16,
          "fontWeight": "600",
          "justifyContent": "center",
          "minHeight": 50,
          "minWidth": 200,
          "paddingLeft": 17,
          "paddingRight": 17,
        }
      }
      testID="password-input"
    />
  </View>
  <View
    accessible={true}
    collapsable={false}
    focusable={true}
    onBlur={[Function]}
    onClick={[Function]}
    onFocus={[Function]}
    onResponderGrant={[Function]}
    onResponderMove={[Function]}
    onResponderRelease={[Function]}
    onResponderTerminate={[Function]}
    onResponderTerminationRequest={[Function]}
    onStartShouldSetResponder={[Function]}
    style={
      Object {
        "alignItems": "center",
        "backgroundColor": "#08949B",
        "borderRadius": 20,
        "borderStyle": "solid",
        "borderWidth": 0,
        "justifyContent": "center",
        "minHeight": 60,
        "minWidth": 200,
      }
    }
    testID="submit-button"
  >
    <Text
      style={
        Object {
          "color": "white",
          "fontSize": 16,
          "fontWeight": "600",
        }
      }
      testID="button-text"
    >
      Sign in
    </Text>
  </View>
  <View
    accessible={true}
    collapsable={false}
    focusable={true}
    onBlur={[Function]}
    onClick={[Function]}
    onFocus={[Function]}
    onResponderGrant={[Function]}
    onResponderMove={[Function]}
    onResponderRelease={[Function]}
    onResponderTerminate={[Function]}
    onResponderTerminationRequest={[Function]}
    onStartShouldSetResponder={[Function]}
    testID="registration-label"
  >
    <Text
      style={
        Object {
          "color": "black",
          "fontSize": 16,
          "fontWeight": "600",
        }
      }
      testID="label"
    >
      Don't have an account? Sign up
    </Text>
  </View>
</View>
`;
