// Jest Snapshot v1, https://goo.gl/fbAQLP

exports[`Footer should render correctly 1`] = `
<View
  style={
    Object {
      "flex": 4,
    }
  }
/>
`;
