// Jest Snapshot v1, https://goo.gl/fbAQLP

exports[`HeaderBox should render correctly 1`] = `
<View
  style={
    Object {
      "flex": 2,
      "flexDirection": "column",
      "justifyContent": "flex-end",
    }
  }
>
  <View
    style={
      Object {
        "alignItems": "center",
        "justifyContent": "center",
        "minHeight": 45,
        "minWidth": 200,
      }
    }
    testID="header"
  >
    <Text
      style={
        Object {
          "color": "black",
          "fontSize": 30,
          "fontWeight": "600",
        }
      }
      testID="header-text"
    >
      Header Box title
    </Text>
  </View>
</View>
`;
